Archive member included because of file (symbol)

d:/semester_02/mct/mc/winavr/winavr/bin/../lib/gcc/avr/4.1.2/avr5\libgcc.a(_divmodhi4.o)
                              main.o (__divmodhi4)
d:/semester_02/mct/mc/winavr/winavr/bin/../lib/gcc/avr/4.1.2/avr5\libgcc.a(_exit.o)
                              d:/semester_02/mct/mc/winavr/winavr/bin/../lib/gcc/avr/4.1.2/../../../../avr/lib/avr5/crtm32.o (exit)
d:/semester_02/mct/mc/winavr/winavr/bin/../lib/gcc/avr/4.1.2/avr5\libgcc.a(_copy_data.o)
                              main.o (__do_copy_data)
d:/semester_02/mct/mc/winavr/winavr/bin/../lib/gcc/avr/4.1.2/avr5\libgcc.a(_clear_bss.o)
                              main.o (__do_clear_bss)
d:/semester_02/mct/mc/winavr/winavr/bin/../lib/gcc/avr/4.1.2/avr5\libgcc.a(_udivmodhi4.o)
                              d:/semester_02/mct/mc/winavr/winavr/bin/../lib/gcc/avr/4.1.2/avr5\libgcc.a(_divmodhi4.o) (__udivmodhi4)

Allocating common symbols
Common symbol       size              file

i_left              0x1               main.o

Discarded input sections

 .stabstr       0x00000000        0x0 d:/semester_02/mct/mc/winavr/winavr/bin/../lib/gcc/avr/4.1.2/../../../../avr/lib/avr5/crtm32.o
 .stabstr       0x00000000        0x0 main.o

Memory Configuration

Name             Origin             Length             Attributes
text             0x00000000         0x00020000         xr
data             0x00800060         0x0000ffa0         rw !x
eeprom           0x00810000         0x00010000         rw !x
*default*        0x00000000         0xffffffff

Linker script and memory map

LOAD d:/semester_02/mct/mc/winavr/winavr/bin/../lib/gcc/avr/4.1.2/../../../../avr/lib/avr5/crtm32.o
LOAD main.o
LOAD d:/semester_02/mct/mc/winavr/winavr/bin/../lib/gcc/avr/4.1.2/../../../../avr/lib/avr5\libm.a
LOAD d:/semester_02/mct/mc/winavr/winavr/bin/../lib/gcc/avr/4.1.2/avr5\libgcc.a
LOAD d:/semester_02/mct/mc/winavr/winavr/bin/../lib/gcc/avr/4.1.2/../../../../avr/lib/avr5\libc.a
LOAD d:/semester_02/mct/mc/winavr/winavr/bin/../lib/gcc/avr/4.1.2/avr5\libgcc.a

.hash
 *(.hash)

.dynsym
 *(.dynsym)

.dynstr
 *(.dynstr)

.gnu.version
 *(.gnu.version)

.gnu.version_d
 *(.gnu.version_d)

.gnu.version_r
 *(.gnu.version_r)

.rel.init
 *(.rel.init)

.rela.init
 *(.rela.init)

.rel.text
 *(.rel.text)
 *(.rel.text.*)
 *(.rel.gnu.linkonce.t*)

.rela.text
 *(.rela.text)
 *(.rela.text.*)
 *(.rela.gnu.linkonce.t*)

.rel.fini
 *(.rel.fini)

.rela.fini
 *(.rela.fini)

.rel.rodata
 *(.rel.rodata)
 *(.rel.rodata.*)
 *(.rel.gnu.linkonce.r*)

.rela.rodata
 *(.rela.rodata)
 *(.rela.rodata.*)
 *(.rela.gnu.linkonce.r*)

.rel.data
 *(.rel.data)
 *(.rel.data.*)
 *(.rel.gnu.linkonce.d*)

.rela.data
 *(.rela.data)
 *(.rela.data.*)
 *(.rela.gnu.linkonce.d*)

.rel.ctors
 *(.rel.ctors)

.rela.ctors
 *(.rela.ctors)

.rel.dtors
 *(.rel.dtors)

.rela.dtors
 *(.rela.dtors)

.rel.got
 *(.rel.got)

.rela.got
 *(.rela.got)

.rel.bss
 *(.rel.bss)

.rela.bss
 *(.rela.bss)

.rel.plt
 *(.rel.plt)

.rela.plt
 *(.rela.plt)

.text           0x00000000     0x124a
 *(.vectors)
 .vectors       0x00000000       0x54 d:/semester_02/mct/mc/winavr/winavr/bin/../lib/gcc/avr/4.1.2/../../../../avr/lib/avr5/crtm32.o
                0x00000000                __vectors
                0x00000000                __vector_default
 *(.vectors)
 *(.progmem.gcc*)
 *(.progmem*)
                0x00000054                . = ALIGN (0x2)
                0x00000054                __trampolines_start = .
 *(.trampolines)
 .trampolines   0x00000054        0x0 linker stubs
 *(.trampolines*)
                0x00000054                __trampolines_end = .
 *(.jumptables)
 *(.jumptables*)
 *(.lowtext)
 *(.lowtext*)
                0x00000054                __ctors_start = .
 *(.ctors)
                0x00000054                __ctors_end = .
                0x00000054                __dtors_start = .
 *(.dtors)
                0x00000054                __dtors_end = .
 SORT(*)(.ctors)
 SORT(*)(.dtors)
 *(.init0)
 .init0         0x00000054        0x0 d:/semester_02/mct/mc/winavr/winavr/bin/../lib/gcc/avr/4.1.2/../../../../avr/lib/avr5/crtm32.o
                0x00000054                __init
 *(.init0)
 *(.init1)
 *(.init1)
 *(.init2)
 .init2         0x00000054        0xc d:/semester_02/mct/mc/winavr/winavr/bin/../lib/gcc/avr/4.1.2/../../../../avr/lib/avr5/crtm32.o
 *(.init2)
 *(.init3)
 *(.init3)
 *(.init4)
 .init4         0x00000060       0x16 d:/semester_02/mct/mc/winavr/winavr/bin/../lib/gcc/avr/4.1.2/avr5\libgcc.a(_copy_data.o)
                0x00000060                __do_copy_data
 .init4         0x00000076       0x10 d:/semester_02/mct/mc/winavr/winavr/bin/../lib/gcc/avr/4.1.2/avr5\libgcc.a(_clear_bss.o)
                0x00000076                __do_clear_bss
 *(.init4)
 *(.init5)
 *(.init5)
 *(.init6)
 *(.init6)
 *(.init7)
 *(.init7)
 *(.init8)
 *(.init8)
 *(.init9)
 .init9         0x00000086        0x8 d:/semester_02/mct/mc/winavr/winavr/bin/../lib/gcc/avr/4.1.2/../../../../avr/lib/avr5/crtm32.o
 *(.init9)
 *(.text)
 .text          0x0000008e        0x4 d:/semester_02/mct/mc/winavr/winavr/bin/../lib/gcc/avr/4.1.2/../../../../avr/lib/avr5/crtm32.o
                0x0000008e                __vector_1
                0x0000008e                __vector_12
                0x0000008e                __bad_interrupt
                0x0000008e                __vector_6
                0x0000008e                __vector_3
                0x0000008e                __vector_13
                0x0000008e                __vector_17
                0x0000008e                __vector_19
                0x0000008e                __vector_7
                0x0000008e                __vector_4
                0x0000008e                __vector_9
                0x0000008e                __vector_2
                0x0000008e                __vector_15
                0x0000008e                __vector_8
                0x0000008e                __vector_14
                0x0000008e                __vector_10
                0x0000008e                __vector_18
                0x0000008e                __vector_20
 .text          0x00000092     0x1168 main.o
                0x00000092                init_serial
                0x00000eb8                fct_forward_right
                0x0000051a                set_out_ports
                0x00000d40                fct_drive
                0x00000fe0                fct_backward_right
                0x0000060c                lcd
                0x00000cc2                fct_wait_ts
                0x000011de                seq_2
                0x000009d4                init_timer
                0x00000198                init_out
                0x00000e56                fct_forward_left
                0x00000f7e                fct_backward_left
                0x000011ec                seq_3
                0x00000836                __vector_11
                0x000010ec                fct_turn_left
                0x000007fc                __vector_5
                0x000011d0                seq_1
                0x00001150                main
                0x00000df2                fct_forward
                0x000000c6                init_in_ana
                0x00000a0c                speed
                0x00001088                fct_turn_right
                0x00000f1a                fct_backward
                0x000001c6                set_out_pin
                0x00000106                get_in_pin
                0x00000716                __vector_16
                0x000003f8                toggle_out_pin
                0x000000f2                init_in
                0x00001042                fct_stop
                0x000002e6                reset_out_pin
                0x00000164                get_in_port
 .text          0x000011fa        0x0 d:/semester_02/mct/mc/winavr/winavr/bin/../lib/gcc/avr/4.1.2/avr5\libgcc.a(_divmodhi4.o)
 .text          0x000011fa        0x0 d:/semester_02/mct/mc/winavr/winavr/bin/../lib/gcc/avr/4.1.2/avr5\libgcc.a(_exit.o)
 .text          0x000011fa        0x0 d:/semester_02/mct/mc/winavr/winavr/bin/../lib/gcc/avr/4.1.2/avr5\libgcc.a(_copy_data.o)
 .text          0x000011fa        0x0 d:/semester_02/mct/mc/winavr/winavr/bin/../lib/gcc/avr/4.1.2/avr5\libgcc.a(_clear_bss.o)
 .text          0x000011fa        0x0 d:/semester_02/mct/mc/winavr/winavr/bin/../lib/gcc/avr/4.1.2/avr5\libgcc.a(_udivmodhi4.o)
                0x000011fa                . = ALIGN (0x2)
 *(.text.*)
 .text.libgcc   0x000011fa       0x26 d:/semester_02/mct/mc/winavr/winavr/bin/../lib/gcc/avr/4.1.2/avr5\libgcc.a(_divmodhi4.o)
                0x000011fa                __divmodhi4
                0x000011fa                _div
 .text.libgcc   0x00001220        0x0 d:/semester_02/mct/mc/winavr/winavr/bin/../lib/gcc/avr/4.1.2/avr5\libgcc.a(_exit.o)
 .text.libgcc   0x00001220        0x0 d:/semester_02/mct/mc/winavr/winavr/bin/../lib/gcc/avr/4.1.2/avr5\libgcc.a(_copy_data.o)
 .text.libgcc   0x00001220        0x0 d:/semester_02/mct/mc/winavr/winavr/bin/../lib/gcc/avr/4.1.2/avr5\libgcc.a(_clear_bss.o)
 .text.libgcc   0x00001220       0x28 d:/semester_02/mct/mc/winavr/winavr/bin/../lib/gcc/avr/4.1.2/avr5\libgcc.a(_udivmodhi4.o)
                0x00001220                __udivmodhi4
                0x00001248                . = ALIGN (0x2)
 *(.fini9)
 .fini9         0x00001248        0x0 d:/semester_02/mct/mc/winavr/winavr/bin/../lib/gcc/avr/4.1.2/avr5\libgcc.a(_exit.o)
                0x00001248                exit
                0x00001248                _exit
 *(.fini9)
 *(.fini8)
 *(.fini8)
 *(.fini7)
 *(.fini7)
 *(.fini6)
 *(.fini6)
 *(.fini5)
 *(.fini5)
 *(.fini4)
 *(.fini4)
 *(.fini3)
 *(.fini3)
 *(.fini2)
 *(.fini2)
 *(.fini1)
 *(.fini1)
 *(.fini0)
 .fini0         0x00001248        0x2 d:/semester_02/mct/mc/winavr/winavr/bin/../lib/gcc/avr/4.1.2/avr5\libgcc.a(_exit.o)
 *(.fini0)
                0x0000124a                _etext = .

.data           0x00800060        0x4 load address 0x0000124a
                0x00800060                PROVIDE (__data_start, .)
 *(.data)
 .data          0x00800060        0x0 d:/semester_02/mct/mc/winavr/winavr/bin/../lib/gcc/avr/4.1.2/../../../../avr/lib/avr5/crtm32.o
 .data          0x00800060        0x4 main.o
                0x00800062                right_line
                0x00800060                left_line
 .data          0x00800064        0x0 d:/semester_02/mct/mc/winavr/winavr/bin/../lib/gcc/avr/4.1.2/avr5\libgcc.a(_divmodhi4.o)
 .data          0x00800064        0x0 d:/semester_02/mct/mc/winavr/winavr/bin/../lib/gcc/avr/4.1.2/avr5\libgcc.a(_exit.o)
 .data          0x00800064        0x0 d:/semester_02/mct/mc/winavr/winavr/bin/../lib/gcc/avr/4.1.2/avr5\libgcc.a(_copy_data.o)
 .data          0x00800064        0x0 d:/semester_02/mct/mc/winavr/winavr/bin/../lib/gcc/avr/4.1.2/avr5\libgcc.a(_clear_bss.o)
 .data          0x00800064        0x0 d:/semester_02/mct/mc/winavr/winavr/bin/../lib/gcc/avr/4.1.2/avr5\libgcc.a(_udivmodhi4.o)
 *(.data*)
 *(.rodata)
 *(.rodata*)
 *(.gnu.linkonce.d*)
                0x00800064                . = ALIGN (0x2)
                0x00800064                _edata = .
                0x00800064                PROVIDE (__data_end, .)

.bss            0x00800064       0x24
                0x00800064                PROVIDE (__bss_start, .)
 *(.bss)
 .bss           0x00800064        0x0 d:/semester_02/mct/mc/winavr/winavr/bin/../lib/gcc/avr/4.1.2/../../../../avr/lib/avr5/crtm32.o
 .bss           0x00800064       0x23 main.o
                0x00800065                time_global
                0x0080006d                left_trigger
                0x0080007c                brght_right
                0x0080006c                right_motor
                0x00800069                speed_right
                0x00800067                speed_left
                0x00800070                right_infra
                0x00800073                ad_pin
                0x0080006b                left_motor
                0x00800064                i
                0x00800076                sensor_fct
                0x00800071                battery_state_pre
                0x0080006f                left_infra
                0x00800081                battery
                0x00800074                battery_state
                0x0080006e                right_trigger
                0x00800086                i_right
                0x00800077                brght_left
 .bss           0x00800087        0x0 d:/semester_02/mct/mc/winavr/winavr/bin/../lib/gcc/avr/4.1.2/avr5\libgcc.a(_divmodhi4.o)
 .bss           0x00800087        0x0 d:/semester_02/mct/mc/winavr/winavr/bin/../lib/gcc/avr/4.1.2/avr5\libgcc.a(_exit.o)
 .bss           0x00800087        0x0 d:/semester_02/mct/mc/winavr/winavr/bin/../lib/gcc/avr/4.1.2/avr5\libgcc.a(_copy_data.o)
 .bss           0x00800087        0x0 d:/semester_02/mct/mc/winavr/winavr/bin/../lib/gcc/avr/4.1.2/avr5\libgcc.a(_clear_bss.o)
 .bss           0x00800087        0x0 d:/semester_02/mct/mc/winavr/winavr/bin/../lib/gcc/avr/4.1.2/avr5\libgcc.a(_udivmodhi4.o)
 *(.bss*)
 *(COMMON)
 COMMON         0x00800087        0x1 main.o
                0x00800087                i_left
                0x00800088                PROVIDE (__bss_end, .)
                0x0000124a                __data_load_start = LOADADDR (.data)
                0x0000124e                __data_load_end = (__data_load_start + SIZEOF (.data))

.noinit         0x00800088        0x0
                0x00800088                PROVIDE (__noinit_start, .)
 *(.noinit*)
                0x00800088                PROVIDE (__noinit_end, .)
                0x00800088                _end = .
                0x00800088                PROVIDE (__heap_start, .)

.eeprom         0x00810000        0x0
 *(.eeprom*)
                0x00810000                __eeprom_end = .

.stab           0x00000000     0x1b00
 *(.stab)
 .stab          0x00000000      0x378 d:/semester_02/mct/mc/winavr/winavr/bin/../lib/gcc/avr/4.1.2/../../../../avr/lib/avr5/crtm32.o
 .stab          0x00000378     0x1788 main.o
                               0x1794 (size before relaxing)

.stabstr        0x00000000      0xb28
 *(.stabstr)
 .stabstr       0x00000000      0xb28 d:/semester_02/mct/mc/winavr/winavr/bin/../lib/gcc/avr/4.1.2/../../../../avr/lib/avr5/crtm32.o

.stab.excl
 *(.stab.excl)

.stab.exclstr
 *(.stab.exclstr)

.stab.index
 *(.stab.index)

.stab.indexstr
 *(.stab.indexstr)

.comment
 *(.comment)

.debug
 *(.debug)

.line
 *(.line)

.debug_srcinfo
 *(.debug_srcinfo)

.debug_sfnames
 *(.debug_sfnames)

.debug_aranges
 *(.debug_aranges)

.debug_pubnames
 *(.debug_pubnames)

.debug_info
 *(.debug_info)
 *(.gnu.linkonce.wi.*)

.debug_abbrev
 *(.debug_abbrev)

.debug_line
 *(.debug_line)

.debug_frame
 *(.debug_frame)

.debug_str
 *(.debug_str)

.debug_loc
 *(.debug_loc)

.debug_macinfo
 *(.debug_macinfo)
OUTPUT(main.elf elf32-avr)
LOAD linker stubs

Cross Reference Table

Symbol                                            File
__bad_interrupt                                   d:/semester_02/mct/mc/winavr/winavr/bin/../lib/gcc/avr/4.1.2/../../../../avr/lib/avr5/crtm32.o
__bss_end                                         d:/semester_02/mct/mc/winavr/winavr/bin/../lib/gcc/avr/4.1.2/avr5\libgcc.a(_clear_bss.o)
__bss_start                                       d:/semester_02/mct/mc/winavr/winavr/bin/../lib/gcc/avr/4.1.2/avr5\libgcc.a(_clear_bss.o)
__data_end                                        d:/semester_02/mct/mc/winavr/winavr/bin/../lib/gcc/avr/4.1.2/avr5\libgcc.a(_copy_data.o)
__data_load_start                                 d:/semester_02/mct/mc/winavr/winavr/bin/../lib/gcc/avr/4.1.2/avr5\libgcc.a(_copy_data.o)
__data_start                                      d:/semester_02/mct/mc/winavr/winavr/bin/../lib/gcc/avr/4.1.2/avr5\libgcc.a(_copy_data.o)
__divmodhi4                                       d:/semester_02/mct/mc/winavr/winavr/bin/../lib/gcc/avr/4.1.2/avr5\libgcc.a(_divmodhi4.o)
                                                  main.o
__do_clear_bss                                    d:/semester_02/mct/mc/winavr/winavr/bin/../lib/gcc/avr/4.1.2/avr5\libgcc.a(_clear_bss.o)
                                                  main.o
__do_copy_data                                    d:/semester_02/mct/mc/winavr/winavr/bin/../lib/gcc/avr/4.1.2/avr5\libgcc.a(_copy_data.o)
                                                  main.o
__heap_end                                        d:/semester_02/mct/mc/winavr/winavr/bin/../lib/gcc/avr/4.1.2/../../../../avr/lib/avr5/crtm32.o
__init                                            d:/semester_02/mct/mc/winavr/winavr/bin/../lib/gcc/avr/4.1.2/../../../../avr/lib/avr5/crtm32.o
__stack                                           d:/semester_02/mct/mc/winavr/winavr/bin/../lib/gcc/avr/4.1.2/../../../../avr/lib/avr5/crtm32.o
__udivmodhi4                                      d:/semester_02/mct/mc/winavr/winavr/bin/../lib/gcc/avr/4.1.2/avr5\libgcc.a(_udivmodhi4.o)
                                                  d:/semester_02/mct/mc/winavr/winavr/bin/../lib/gcc/avr/4.1.2/avr5\libgcc.a(_divmodhi4.o)
__vector_1                                        d:/semester_02/mct/mc/winavr/winavr/bin/../lib/gcc/avr/4.1.2/../../../../avr/lib/avr5/crtm32.o
__vector_10                                       d:/semester_02/mct/mc/winavr/winavr/bin/../lib/gcc/avr/4.1.2/../../../../avr/lib/avr5/crtm32.o
__vector_11                                       main.o
                                                  d:/semester_02/mct/mc/winavr/winavr/bin/../lib/gcc/avr/4.1.2/../../../../avr/lib/avr5/crtm32.o
__vector_12                                       d:/semester_02/mct/mc/winavr/winavr/bin/../lib/gcc/avr/4.1.2/../../../../avr/lib/avr5/crtm32.o
__vector_13                                       d:/semester_02/mct/mc/winavr/winavr/bin/../lib/gcc/avr/4.1.2/../../../../avr/lib/avr5/crtm32.o
__vector_14                                       d:/semester_02/mct/mc/winavr/winavr/bin/../lib/gcc/avr/4.1.2/../../../../avr/lib/avr5/crtm32.o
__vector_15                                       d:/semester_02/mct/mc/winavr/winavr/bin/../lib/gcc/avr/4.1.2/../../../../avr/lib/avr5/crtm32.o
__vector_16                                       main.o
                                                  d:/semester_02/mct/mc/winavr/winavr/bin/../lib/gcc/avr/4.1.2/../../../../avr/lib/avr5/crtm32.o
__vector_17                                       d:/semester_02/mct/mc/winavr/winavr/bin/../lib/gcc/avr/4.1.2/../../../../avr/lib/avr5/crtm32.o
__vector_18                                       d:/semester_02/mct/mc/winavr/winavr/bin/../lib/gcc/avr/4.1.2/../../../../avr/lib/avr5/crtm32.o
__vector_19                                       d:/semester_02/mct/mc/winavr/winavr/bin/../lib/gcc/avr/4.1.2/../../../../avr/lib/avr5/crtm32.o
__vector_2                                        d:/semester_02/mct/mc/winavr/winavr/bin/../lib/gcc/avr/4.1.2/../../../../avr/lib/avr5/crtm32.o
__vector_20                                       d:/semester_02/mct/mc/winavr/winavr/bin/../lib/gcc/avr/4.1.2/../../../../avr/lib/avr5/crtm32.o
__vector_3                                        d:/semester_02/mct/mc/winavr/winavr/bin/../lib/gcc/avr/4.1.2/../../../../avr/lib/avr5/crtm32.o
__vector_4                                        d:/semester_02/mct/mc/winavr/winavr/bin/../lib/gcc/avr/4.1.2/../../../../avr/lib/avr5/crtm32.o
__vector_5                                        main.o
                                                  d:/semester_02/mct/mc/winavr/winavr/bin/../lib/gcc/avr/4.1.2/../../../../avr/lib/avr5/crtm32.o
__vector_6                                        d:/semester_02/mct/mc/winavr/winavr/bin/../lib/gcc/avr/4.1.2/../../../../avr/lib/avr5/crtm32.o
__vector_7                                        d:/semester_02/mct/mc/winavr/winavr/bin/../lib/gcc/avr/4.1.2/../../../../avr/lib/avr5/crtm32.o
__vector_8                                        d:/semester_02/mct/mc/winavr/winavr/bin/../lib/gcc/avr/4.1.2/../../../../avr/lib/avr5/crtm32.o
__vector_9                                        d:/semester_02/mct/mc/winavr/winavr/bin/../lib/gcc/avr/4.1.2/../../../../avr/lib/avr5/crtm32.o
__vector_default                                  d:/semester_02/mct/mc/winavr/winavr/bin/../lib/gcc/avr/4.1.2/../../../../avr/lib/avr5/crtm32.o
__vectors                                         d:/semester_02/mct/mc/winavr/winavr/bin/../lib/gcc/avr/4.1.2/../../../../avr/lib/avr5/crtm32.o
_div                                              d:/semester_02/mct/mc/winavr/winavr/bin/../lib/gcc/avr/4.1.2/avr5\libgcc.a(_divmodhi4.o)
_exit                                             d:/semester_02/mct/mc/winavr/winavr/bin/../lib/gcc/avr/4.1.2/avr5\libgcc.a(_exit.o)
ad_pin                                            main.o
battery                                           main.o
battery_state                                     main.o
battery_state_pre                                 main.o
brght_left                                        main.o
brght_right                                       main.o
exit                                              d:/semester_02/mct/mc/winavr/winavr/bin/../lib/gcc/avr/4.1.2/avr5\libgcc.a(_exit.o)
                                                  d:/semester_02/mct/mc/winavr/winavr/bin/../lib/gcc/avr/4.1.2/../../../../avr/lib/avr5/crtm32.o
fct_backward                                      main.o
fct_backward_left                                 main.o
fct_backward_right                                main.o
fct_drive                                         main.o
fct_forward                                       main.o
fct_forward_left                                  main.o
fct_forward_right                                 main.o
fct_stop                                          main.o
fct_turn_left                                     main.o
fct_turn_right                                    main.o
fct_wait_ts                                       main.o
get_in_pin                                        main.o
get_in_port                                       main.o
i                                                 main.o
i_left                                            main.o
i_right                                           main.o
init_in                                           main.o
init_in_ana                                       main.o
init_out                                          main.o
init_serial                                       main.o
init_timer                                        main.o
lcd                                               main.o
left_infra                                        main.o
left_line                                         main.o
left_motor                                        main.o
left_trigger                                      main.o
main                                              main.o
                                                  d:/semester_02/mct/mc/winavr/winavr/bin/../lib/gcc/avr/4.1.2/../../../../avr/lib/avr5/crtm32.o
reset_out_pin                                     main.o
right_infra                                       main.o
right_line                                        main.o
right_motor                                       main.o
right_trigger                                     main.o
sensor_fct                                        main.o
seq_1                                             main.o
seq_2                                             main.o
seq_3                                             main.o
set_out_pin                                       main.o
set_out_ports                                     main.o
speed                                             main.o
speed_left                                        main.o
speed_right                                       main.o
time_global                                       main.o
toggle_out_pin                                    main.o
